// Jest Snapshot v1, https://goo.gl/fbAQLP

exports[`CardList should render without crashing 1`] = `
<styled.div
  className="user_container"
>
  <Card
    handleClick={[Function]}
    key="101"
    user={
      Object {
        "avatar_url": "https://avatars0.githubusercontent.com/u/101?v=4",
        "events_url": "https://api.github.com/users/jvantuyl/events{/privacy}",
        "followers_url": "https://api.github.com/users/jvantuyl/followers",
        "following_url": "https://api.github.com/users/jvantuyl/following{/other_user}",
        "gists_url": "https://api.github.com/users/jvantuyl/gists{/gist_id}",
        "gravatar_id": "",
        "html_url": "https://github.com/jvantuyl",
        "id": 101,
        "login": "jvantuyl",
        "node_id": "MDQ6VXNlcjEwMQ==",
        "organizations_url": "https://api.github.com/users/jvantuyl/orgs",
        "received_events_url": "https://api.github.com/users/jvantuyl/received_events",
        "repos_url": "https://api.github.com/users/jvantuyl/repos",
        "site_admin": false,
        "starred_url": "https://api.github.com/users/jvantuyl/starred{/owner}{/repo}",
        "subscriptions_url": "https://api.github.com/users/jvantuyl/subscriptions",
        "type": "User",
        "url": "https://api.github.com/users/jvantuyl",
      }
    }
  />
  <Card
    handleClick={[Function]}
    key="102"
    user={
      Object {
        "avatar_url": "https://avatars0.githubusercontent.com/u/102?v=4",
        "events_url": "https://api.github.com/users/BrianTheCoder/events{/privacy}",
        "followers_url": "https://api.github.com/users/BrianTheCoder/followers",
        "following_url": "https://api.github.com/users/BrianTheCoder/following{/other_user}",
        "gists_url": "https://api.github.com/users/BrianTheCoder/gists{/gist_id}",
        "gravatar_id": "",
        "html_url": "https://github.com/BrianTheCoder",
        "id": 102,
        "login": "BrianTheCoder",
        "node_id": "MDQ6VXNlcjEwMg==",
        "organizations_url": "https://api.github.com/users/BrianTheCoder/orgs",
        "received_events_url": "https://api.github.com/users/BrianTheCoder/received_events",
        "repos_url": "https://api.github.com/users/BrianTheCoder/repos",
        "site_admin": false,
        "starred_url": "https://api.github.com/users/BrianTheCoder/starred{/owner}{/repo}",
        "subscriptions_url": "https://api.github.com/users/BrianTheCoder/subscriptions",
        "type": "User",
        "url": "https://api.github.com/users/BrianTheCoder",
      }
    }
  />
  <Card
    handleClick={[Function]}
    key="103"
    user={
      Object {
        "avatar_url": "https://avatars0.githubusercontent.com/u/103?v=4",
        "events_url": "https://api.github.com/users/freeformz/events{/privacy}",
        "followers_url": "https://api.github.com/users/freeformz/followers",
        "following_url": "https://api.github.com/users/freeformz/following{/other_user}",
        "gists_url": "https://api.github.com/users/freeformz/gists{/gist_id}",
        "gravatar_id": "",
        "html_url": "https://github.com/freeformz",
        "id": 103,
        "login": "freeformz",
        "node_id": "MDQ6VXNlcjEwMw==",
        "organizations_url": "https://api.github.com/users/freeformz/orgs",
        "received_events_url": "https://api.github.com/users/freeformz/received_events",
        "repos_url": "https://api.github.com/users/freeformz/repos",
        "site_admin": false,
        "starred_url": "https://api.github.com/users/freeformz/starred{/owner}{/repo}",
        "subscriptions_url": "https://api.github.com/users/freeformz/subscriptions",
        "type": "User",
        "url": "https://api.github.com/users/freeformz",
      }
    }
  />
  <Card
    handleClick={[Function]}
    key="104"
    user={
      Object {
        "avatar_url": "https://avatars0.githubusercontent.com/u/104?v=4",
        "events_url": "https://api.github.com/users/hassox/events{/privacy}",
        "followers_url": "https://api.github.com/users/hassox/followers",
        "following_url": "https://api.github.com/users/hassox/following{/other_user}",
        "gists_url": "https://api.github.com/users/hassox/gists{/gist_id}",
        "gravatar_id": "",
        "html_url": "https://github.com/hassox",
        "id": 104,
        "login": "hassox",
        "node_id": "MDQ6VXNlcjEwNA==",
        "organizations_url": "https://api.github.com/users/hassox/orgs",
        "received_events_url": "https://api.github.com/users/hassox/received_events",
        "repos_url": "https://api.github.com/users/hassox/repos",
        "site_admin": false,
        "starred_url": "https://api.github.com/users/hassox/starred{/owner}{/repo}",
        "subscriptions_url": "https://api.github.com/users/hassox/subscriptions",
        "type": "User",
        "url": "https://api.github.com/users/hassox",
      }
    }
  />
  <Card
    handleClick={[Function]}
    key="105"
    user={
      Object {
        "avatar_url": "https://avatars0.githubusercontent.com/u/105?v=4",
        "events_url": "https://api.github.com/users/automatthew/events{/privacy}",
        "followers_url": "https://api.github.com/users/automatthew/followers",
        "following_url": "https://api.github.com/users/automatthew/following{/other_user}",
        "gists_url": "https://api.github.com/users/automatthew/gists{/gist_id}",
        "gravatar_id": "",
        "html_url": "https://github.com/automatthew",
        "id": 105,
        "login": "automatthew",
        "node_id": "MDQ6VXNlcjEwNQ==",
        "organizations_url": "https://api.github.com/users/automatthew/orgs",
        "received_events_url": "https://api.github.com/users/automatthew/received_events",
        "repos_url": "https://api.github.com/users/automatthew/repos",
        "site_admin": false,
        "starred_url": "https://api.github.com/users/automatthew/starred{/owner}{/repo}",
        "subscriptions_url": "https://api.github.com/users/automatthew/subscriptions",
        "type": "User",
        "url": "https://api.github.com/users/automatthew",
      }
    }
  />
  <Card
    handleClick={[Function]}
    key="106"
    user={
      Object {
        "avatar_url": "https://avatars0.githubusercontent.com/u/106?v=4",
        "events_url": "https://api.github.com/users/queso/events{/privacy}",
        "followers_url": "https://api.github.com/users/queso/followers",
        "following_url": "https://api.github.com/users/queso/following{/other_user}",
        "gists_url": "https://api.github.com/users/queso/gists{/gist_id}",
        "gravatar_id": "",
        "html_url": "https://github.com/queso",
        "id": 106,
        "login": "queso",
        "node_id": "MDQ6VXNlcjEwNg==",
        "organizations_url": "https://api.github.com/users/queso/orgs",
        "received_events_url": "https://api.github.com/users/queso/received_events",
        "repos_url": "https://api.github.com/users/queso/repos",
        "site_admin": false,
        "starred_url": "https://api.github.com/users/queso/starred{/owner}{/repo}",
        "subscriptions_url": "https://api.github.com/users/queso/subscriptions",
        "type": "User",
        "url": "https://api.github.com/users/queso",
      }
    }
  />
  <Card
    handleClick={[Function]}
    key="107"
    user={
      Object {
        "avatar_url": "https://avatars0.githubusercontent.com/u/107?v=4",
        "events_url": "https://api.github.com/users/lancecarlson/events{/privacy}",
        "followers_url": "https://api.github.com/users/lancecarlson/followers",
        "following_url": "https://api.github.com/users/lancecarlson/following{/other_user}",
        "gists_url": "https://api.github.com/users/lancecarlson/gists{/gist_id}",
        "gravatar_id": "",
        "html_url": "https://github.com/lancecarlson",
        "id": 107,
        "login": "lancecarlson",
        "node_id": "MDQ6VXNlcjEwNw==",
        "organizations_url": "https://api.github.com/users/lancecarlson/orgs",
        "received_events_url": "https://api.github.com/users/lancecarlson/received_events",
        "repos_url": "https://api.github.com/users/lancecarlson/repos",
        "site_admin": false,
        "starred_url": "https://api.github.com/users/lancecarlson/starred{/owner}{/repo}",
        "subscriptions_url": "https://api.github.com/users/lancecarlson/subscriptions",
        "type": "User",
        "url": "https://api.github.com/users/lancecarlson",
      }
    }
  />
  <Card
    handleClick={[Function]}
    key="108"
    user={
      Object {
        "avatar_url": "https://avatars1.githubusercontent.com/u/108?v=4",
        "events_url": "https://api.github.com/users/drnic/events{/privacy}",
        "followers_url": "https://api.github.com/users/drnic/followers",
        "following_url": "https://api.github.com/users/drnic/following{/other_user}",
        "gists_url": "https://api.github.com/users/drnic/gists{/gist_id}",
        "gravatar_id": "",
        "html_url": "https://github.com/drnic",
        "id": 108,
        "login": "drnic",
        "node_id": "MDQ6VXNlcjEwOA==",
        "organizations_url": "https://api.github.com/users/drnic/orgs",
        "received_events_url": "https://api.github.com/users/drnic/received_events",
        "repos_url": "https://api.github.com/users/drnic/repos",
        "site_admin": false,
        "starred_url": "https://api.github.com/users/drnic/starred{/owner}{/repo}",
        "subscriptions_url": "https://api.github.com/users/drnic/subscriptions",
        "type": "User",
        "url": "https://api.github.com/users/drnic",
      }
    }
  />
  <Card
    handleClick={[Function]}
    key="109"
    user={
      Object {
        "avatar_url": "https://avatars1.githubusercontent.com/u/109?v=4",
        "events_url": "https://api.github.com/users/lukesutton/events{/privacy}",
        "followers_url": "https://api.github.com/users/lukesutton/followers",
        "following_url": "https://api.github.com/users/lukesutton/following{/other_user}",
        "gists_url": "https://api.github.com/users/lukesutton/gists{/gist_id}",
        "gravatar_id": "",
        "html_url": "https://github.com/lukesutton",
        "id": 109,
        "login": "lukesutton",
        "node_id": "MDQ6VXNlcjEwOQ==",
        "organizations_url": "https://api.github.com/users/lukesutton/orgs",
        "received_events_url": "https://api.github.com/users/lukesutton/received_events",
        "repos_url": "https://api.github.com/users/lukesutton/repos",
        "site_admin": false,
        "starred_url": "https://api.github.com/users/lukesutton/starred{/owner}{/repo}",
        "subscriptions_url": "https://api.github.com/users/lukesutton/subscriptions",
        "type": "User",
        "url": "https://api.github.com/users/lukesutton",
      }
    }
  />
  <Card
    handleClick={[Function]}
    key="110"
    user={
      Object {
        "avatar_url": "https://avatars1.githubusercontent.com/u/110?v=4",
        "events_url": "https://api.github.com/users/danwrong/events{/privacy}",
        "followers_url": "https://api.github.com/users/danwrong/followers",
        "following_url": "https://api.github.com/users/danwrong/following{/other_user}",
        "gists_url": "https://api.github.com/users/danwrong/gists{/gist_id}",
        "gravatar_id": "",
        "html_url": "https://github.com/danwrong",
        "id": 110,
        "login": "danwrong",
        "node_id": "MDQ6VXNlcjExMA==",
        "organizations_url": "https://api.github.com/users/danwrong/orgs",
        "received_events_url": "https://api.github.com/users/danwrong/received_events",
        "repos_url": "https://api.github.com/users/danwrong/repos",
        "site_admin": false,
        "starred_url": "https://api.github.com/users/danwrong/starred{/owner}{/repo}",
        "subscriptions_url": "https://api.github.com/users/danwrong/subscriptions",
        "type": "User",
        "url": "https://api.github.com/users/danwrong",
      }
    }
  />
  <Card
    handleClick={[Function]}
    key="111"
    user={
      Object {
        "avatar_url": "https://avatars1.githubusercontent.com/u/111?v=4",
        "events_url": "https://api.github.com/users/hcatlin/events{/privacy}",
        "followers_url": "https://api.github.com/users/hcatlin/followers",
        "following_url": "https://api.github.com/users/hcatlin/following{/other_user}",
        "gists_url": "https://api.github.com/users/hcatlin/gists{/gist_id}",
        "gravatar_id": "",
        "html_url": "https://github.com/hcatlin",
        "id": 111,
        "login": "hcatlin",
        "node_id": "MDQ6VXNlcjExMQ==",
        "organizations_url": "https://api.github.com/users/hcatlin/orgs",
        "received_events_url": "https://api.github.com/users/hcatlin/received_events",
        "repos_url": "https://api.github.com/users/hcatlin/repos",
        "site_admin": false,
        "starred_url": "https://api.github.com/users/hcatlin/starred{/owner}{/repo}",
        "subscriptions_url": "https://api.github.com/users/hcatlin/subscriptions",
        "type": "User",
        "url": "https://api.github.com/users/hcatlin",
      }
    }
  />
  <Card
    handleClick={[Function]}
    key="112"
    user={
      Object {
        "avatar_url": "https://avatars1.githubusercontent.com/u/112?v=4",
        "events_url": "https://api.github.com/users/jfrost/events{/privacy}",
        "followers_url": "https://api.github.com/users/jfrost/followers",
        "following_url": "https://api.github.com/users/jfrost/following{/other_user}",
        "gists_url": "https://api.github.com/users/jfrost/gists{/gist_id}",
        "gravatar_id": "",
        "html_url": "https://github.com/jfrost",
        "id": 112,
        "login": "jfrost",
        "node_id": "MDQ6VXNlcjExMg==",
        "organizations_url": "https://api.github.com/users/jfrost/orgs",
        "received_events_url": "https://api.github.com/users/jfrost/received_events",
        "repos_url": "https://api.github.com/users/jfrost/repos",
        "site_admin": false,
        "starred_url": "https://api.github.com/users/jfrost/starred{/owner}{/repo}",
        "subscriptions_url": "https://api.github.com/users/jfrost/subscriptions",
        "type": "User",
        "url": "https://api.github.com/users/jfrost",
      }
    }
  />
  <Card
    handleClick={[Function]}
    key="113"
    user={
      Object {
        "avatar_url": "https://avatars1.githubusercontent.com/u/113?v=4",
        "events_url": "https://api.github.com/users/mattetti/events{/privacy}",
        "followers_url": "https://api.github.com/users/mattetti/followers",
        "following_url": "https://api.github.com/users/mattetti/following{/other_user}",
        "gists_url": "https://api.github.com/users/mattetti/gists{/gist_id}",
        "gravatar_id": "",
        "html_url": "https://github.com/mattetti",
        "id": 113,
        "login": "mattetti",
        "node_id": "MDQ6VXNlcjExMw==",
        "organizations_url": "https://api.github.com/users/mattetti/orgs",
        "received_events_url": "https://api.github.com/users/mattetti/received_events",
        "repos_url": "https://api.github.com/users/mattetti/repos",
        "site_admin": false,
        "starred_url": "https://api.github.com/users/mattetti/starred{/owner}{/repo}",
        "subscriptions_url": "https://api.github.com/users/mattetti/subscriptions",
        "type": "User",
        "url": "https://api.github.com/users/mattetti",
      }
    }
  />
  <Card
    handleClick={[Function]}
    key="114"
    user={
      Object {
        "avatar_url": "https://avatars1.githubusercontent.com/u/114?v=4",
        "events_url": "https://api.github.com/users/ctennis/events{/privacy}",
        "followers_url": "https://api.github.com/users/ctennis/followers",
        "following_url": "https://api.github.com/users/ctennis/following{/other_user}",
        "gists_url": "https://api.github.com/users/ctennis/gists{/gist_id}",
        "gravatar_id": "",
        "html_url": "https://github.com/ctennis",
        "id": 114,
        "login": "ctennis",
        "node_id": "MDQ6VXNlcjExNA==",
        "organizations_url": "https://api.github.com/users/ctennis/orgs",
        "received_events_url": "https://api.github.com/users/ctennis/received_events",
        "repos_url": "https://api.github.com/users/ctennis/repos",
        "site_admin": false,
        "starred_url": "https://api.github.com/users/ctennis/starred{/owner}{/repo}",
        "subscriptions_url": "https://api.github.com/users/ctennis/subscriptions",
        "type": "User",
        "url": "https://api.github.com/users/ctennis",
      }
    }
  />
  <Card
    handleClick={[Function]}
    key="115"
    user={
      Object {
        "avatar_url": "https://avatars1.githubusercontent.com/u/115?v=4",
        "events_url": "https://api.github.com/users/lawrencepit/events{/privacy}",
        "followers_url": "https://api.github.com/users/lawrencepit/followers",
        "following_url": "https://api.github.com/users/lawrencepit/following{/other_user}",
        "gists_url": "https://api.github.com/users/lawrencepit/gists{/gist_id}",
        "gravatar_id": "",
        "html_url": "https://github.com/lawrencepit",
        "id": 115,
        "login": "lawrencepit",
        "node_id": "MDQ6VXNlcjExNQ==",
        "organizations_url": "https://api.github.com/users/lawrencepit/orgs",
        "received_events_url": "https://api.github.com/users/lawrencepit/received_events",
        "repos_url": "https://api.github.com/users/lawrencepit/repos",
        "site_admin": false,
        "starred_url": "https://api.github.com/users/lawrencepit/starred{/owner}{/repo}",
        "subscriptions_url": "https://api.github.com/users/lawrencepit/subscriptions",
        "type": "User",
        "url": "https://api.github.com/users/lawrencepit",
      }
    }
  />
  <Card
    handleClick={[Function]}
    key="116"
    user={
      Object {
        "avatar_url": "https://avatars1.githubusercontent.com/u/116?v=4",
        "events_url": "https://api.github.com/users/marcjeanson/events{/privacy}",
        "followers_url": "https://api.github.com/users/marcjeanson/followers",
        "following_url": "https://api.github.com/users/marcjeanson/following{/other_user}",
        "gists_url": "https://api.github.com/users/marcjeanson/gists{/gist_id}",
        "gravatar_id": "",
        "html_url": "https://github.com/marcjeanson",
        "id": 116,
        "login": "marcjeanson",
        "node_id": "MDQ6VXNlcjExNg==",
        "organizations_url": "https://api.github.com/users/marcjeanson/orgs",
        "received_events_url": "https://api.github.com/users/marcjeanson/received_events",
        "repos_url": "https://api.github.com/users/marcjeanson/repos",
        "site_admin": false,
        "starred_url": "https://api.github.com/users/marcjeanson/starred{/owner}{/repo}",
        "subscriptions_url": "https://api.github.com/users/marcjeanson/subscriptions",
        "type": "User",
        "url": "https://api.github.com/users/marcjeanson",
      }
    }
  />
  <Card
    handleClick={[Function]}
    key="117"
    user={
      Object {
        "avatar_url": "https://avatars1.githubusercontent.com/u/117?v=4",
        "events_url": "https://api.github.com/users/grempe/events{/privacy}",
        "followers_url": "https://api.github.com/users/grempe/followers",
        "following_url": "https://api.github.com/users/grempe/following{/other_user}",
        "gists_url": "https://api.github.com/users/grempe/gists{/gist_id}",
        "gravatar_id": "",
        "html_url": "https://github.com/grempe",
        "id": 117,
        "login": "grempe",
        "node_id": "MDQ6VXNlcjExNw==",
        "organizations_url": "https://api.github.com/users/grempe/orgs",
        "received_events_url": "https://api.github.com/users/grempe/received_events",
        "repos_url": "https://api.github.com/users/grempe/repos",
        "site_admin": false,
        "starred_url": "https://api.github.com/users/grempe/starred{/owner}{/repo}",
        "subscriptions_url": "https://api.github.com/users/grempe/subscriptions",
        "type": "User",
        "url": "https://api.github.com/users/grempe",
      }
    }
  />
  <Card
    handleClick={[Function]}
    key="118"
    user={
      Object {
        "avatar_url": "https://avatars0.githubusercontent.com/u/118?v=4",
        "events_url": "https://api.github.com/users/peterc/events{/privacy}",
        "followers_url": "https://api.github.com/users/peterc/followers",
        "following_url": "https://api.github.com/users/peterc/following{/other_user}",
        "gists_url": "https://api.github.com/users/peterc/gists{/gist_id}",
        "gravatar_id": "",
        "html_url": "https://github.com/peterc",
        "id": 118,
        "login": "peterc",
        "node_id": "MDQ6VXNlcjExOA==",
        "organizations_url": "https://api.github.com/users/peterc/orgs",
        "received_events_url": "https://api.github.com/users/peterc/received_events",
        "repos_url": "https://api.github.com/users/peterc/repos",
        "site_admin": false,
        "starred_url": "https://api.github.com/users/peterc/starred{/owner}{/repo}",
        "subscriptions_url": "https://api.github.com/users/peterc/subscriptions",
        "type": "User",
        "url": "https://api.github.com/users/peterc",
      }
    }
  />
  <Card
    handleClick={[Function]}
    key="119"
    user={
      Object {
        "avatar_url": "https://avatars0.githubusercontent.com/u/119?v=4",
        "events_url": "https://api.github.com/users/ministrycentered/events{/privacy}",
        "followers_url": "https://api.github.com/users/ministrycentered/followers",
        "following_url": "https://api.github.com/users/ministrycentered/following{/other_user}",
        "gists_url": "https://api.github.com/users/ministrycentered/gists{/gist_id}",
        "gravatar_id": "",
        "html_url": "https://github.com/ministrycentered",
        "id": 119,
        "login": "ministrycentered",
        "node_id": "MDEyOk9yZ2FuaXphdGlvbjExOQ==",
        "organizations_url": "https://api.github.com/users/ministrycentered/orgs",
        "received_events_url": "https://api.github.com/users/ministrycentered/received_events",
        "repos_url": "https://api.github.com/users/ministrycentered/repos",
        "site_admin": false,
        "starred_url": "https://api.github.com/users/ministrycentered/starred{/owner}{/repo}",
        "subscriptions_url": "https://api.github.com/users/ministrycentered/subscriptions",
        "type": "Organization",
        "url": "https://api.github.com/users/ministrycentered",
      }
    }
  />
  <Card
    handleClick={[Function]}
    key="120"
    user={
      Object {
        "avatar_url": "https://avatars3.githubusercontent.com/u/120?v=4",
        "events_url": "https://api.github.com/users/afarnham/events{/privacy}",
        "followers_url": "https://api.github.com/users/afarnham/followers",
        "following_url": "https://api.github.com/users/afarnham/following{/other_user}",
        "gists_url": "https://api.github.com/users/afarnham/gists{/gist_id}",
        "gravatar_id": "",
        "html_url": "https://github.com/afarnham",
        "id": 120,
        "login": "afarnham",
        "node_id": "MDQ6VXNlcjEyMA==",
        "organizations_url": "https://api.github.com/users/afarnham/orgs",
        "received_events_url": "https://api.github.com/users/afarnham/received_events",
        "repos_url": "https://api.github.com/users/afarnham/repos",
        "site_admin": false,
        "starred_url": "https://api.github.com/users/afarnham/starred{/owner}{/repo}",
        "subscriptions_url": "https://api.github.com/users/afarnham/subscriptions",
        "type": "User",
        "url": "https://api.github.com/users/afarnham",
      }
    }
  />
  <Card
    handleClick={[Function]}
    key="121"
    user={
      Object {
        "avatar_url": "https://avatars3.githubusercontent.com/u/121?v=4",
        "events_url": "https://api.github.com/users/up_the_irons/events{/privacy}",
        "followers_url": "https://api.github.com/users/up_the_irons/followers",
        "following_url": "https://api.github.com/users/up_the_irons/following{/other_user}",
        "gists_url": "https://api.github.com/users/up_the_irons/gists{/gist_id}",
        "gravatar_id": "",
        "html_url": "https://github.com/up_the_irons",
        "id": 121,
        "login": "up_the_irons",
        "node_id": "MDQ6VXNlcjEyMQ==",
        "organizations_url": "https://api.github.com/users/up_the_irons/orgs",
        "received_events_url": "https://api.github.com/users/up_the_irons/received_events",
        "repos_url": "https://api.github.com/users/up_the_irons/repos",
        "site_admin": false,
        "starred_url": "https://api.github.com/users/up_the_irons/starred{/owner}{/repo}",
        "subscriptions_url": "https://api.github.com/users/up_the_irons/subscriptions",
        "type": "User",
        "url": "https://api.github.com/users/up_the_irons",
      }
    }
  />
  <Card
    handleClick={[Function]}
    key="122"
    user={
      Object {
        "avatar_url": "https://avatars3.githubusercontent.com/u/122?v=4",
        "events_url": "https://api.github.com/users/cristibalan/events{/privacy}",
        "followers_url": "https://api.github.com/users/cristibalan/followers",
        "following_url": "https://api.github.com/users/cristibalan/following{/other_user}",
        "gists_url": "https://api.github.com/users/cristibalan/gists{/gist_id}",
        "gravatar_id": "",
        "html_url": "https://github.com/cristibalan",
        "id": 122,
        "login": "cristibalan",
        "node_id": "MDQ6VXNlcjEyMg==",
        "organizations_url": "https://api.github.com/users/cristibalan/orgs",
        "received_events_url": "https://api.github.com/users/cristibalan/received_events",
        "repos_url": "https://api.github.com/users/cristibalan/repos",
        "site_admin": false,
        "starred_url": "https://api.github.com/users/cristibalan/starred{/owner}{/repo}",
        "subscriptions_url": "https://api.github.com/users/cristibalan/subscriptions",
        "type": "User",
        "url": "https://api.github.com/users/cristibalan",
      }
    }
  />
  <Card
    handleClick={[Function]}
    key="123"
    user={
      Object {
        "avatar_url": "https://avatars3.githubusercontent.com/u/123?v=4",
        "events_url": "https://api.github.com/users/heavysixer/events{/privacy}",
        "followers_url": "https://api.github.com/users/heavysixer/followers",
        "following_url": "https://api.github.com/users/heavysixer/following{/other_user}",
        "gists_url": "https://api.github.com/users/heavysixer/gists{/gist_id}",
        "gravatar_id": "",
        "html_url": "https://github.com/heavysixer",
        "id": 123,
        "login": "heavysixer",
        "node_id": "MDQ6VXNlcjEyMw==",
        "organizations_url": "https://api.github.com/users/heavysixer/orgs",
        "received_events_url": "https://api.github.com/users/heavysixer/received_events",
        "repos_url": "https://api.github.com/users/heavysixer/repos",
        "site_admin": false,
        "starred_url": "https://api.github.com/users/heavysixer/starred{/owner}{/repo}",
        "subscriptions_url": "https://api.github.com/users/heavysixer/subscriptions",
        "type": "User",
        "url": "https://api.github.com/users/heavysixer",
      }
    }
  />
  <Card
    handleClick={[Function]}
    key="124"
    user={
      Object {
        "avatar_url": "https://avatars3.githubusercontent.com/u/124?v=4",
        "events_url": "https://api.github.com/users/brosner/events{/privacy}",
        "followers_url": "https://api.github.com/users/brosner/followers",
        "following_url": "https://api.github.com/users/brosner/following{/other_user}",
        "gists_url": "https://api.github.com/users/brosner/gists{/gist_id}",
        "gravatar_id": "",
        "html_url": "https://github.com/brosner",
        "id": 124,
        "login": "brosner",
        "node_id": "MDQ6VXNlcjEyNA==",
        "organizations_url": "https://api.github.com/users/brosner/orgs",
        "received_events_url": "https://api.github.com/users/brosner/received_events",
        "repos_url": "https://api.github.com/users/brosner/repos",
        "site_admin": false,
        "starred_url": "https://api.github.com/users/brosner/starred{/owner}{/repo}",
        "subscriptions_url": "https://api.github.com/users/brosner/subscriptions",
        "type": "User",
        "url": "https://api.github.com/users/brosner",
      }
    }
  />
  <Card
    handleClick={[Function]}
    key="125"
    user={
      Object {
        "avatar_url": "https://avatars3.githubusercontent.com/u/125?v=4",
        "events_url": "https://api.github.com/users/danielmorrison/events{/privacy}",
        "followers_url": "https://api.github.com/users/danielmorrison/followers",
        "following_url": "https://api.github.com/users/danielmorrison/following{/other_user}",
        "gists_url": "https://api.github.com/users/danielmorrison/gists{/gist_id}",
        "gravatar_id": "",
        "html_url": "https://github.com/danielmorrison",
        "id": 125,
        "login": "danielmorrison",
        "node_id": "MDQ6VXNlcjEyNQ==",
        "organizations_url": "https://api.github.com/users/danielmorrison/orgs",
        "received_events_url": "https://api.github.com/users/danielmorrison/received_events",
        "repos_url": "https://api.github.com/users/danielmorrison/repos",
        "site_admin": false,
        "starred_url": "https://api.github.com/users/danielmorrison/starred{/owner}{/repo}",
        "subscriptions_url": "https://api.github.com/users/danielmorrison/subscriptions",
        "type": "User",
        "url": "https://api.github.com/users/danielmorrison",
      }
    }
  />
  <Card
    handleClick={[Function]}
    key="126"
    user={
      Object {
        "avatar_url": "https://avatars3.githubusercontent.com/u/126?v=4",
        "events_url": "https://api.github.com/users/danielharan/events{/privacy}",
        "followers_url": "https://api.github.com/users/danielharan/followers",
        "following_url": "https://api.github.com/users/danielharan/following{/other_user}",
        "gists_url": "https://api.github.com/users/danielharan/gists{/gist_id}",
        "gravatar_id": "",
        "html_url": "https://github.com/danielharan",
        "id": 126,
        "login": "danielharan",
        "node_id": "MDQ6VXNlcjEyNg==",
        "organizations_url": "https://api.github.com/users/danielharan/orgs",
        "received_events_url": "https://api.github.com/users/danielharan/received_events",
        "repos_url": "https://api.github.com/users/danielharan/repos",
        "site_admin": false,
        "starred_url": "https://api.github.com/users/danielharan/starred{/owner}{/repo}",
        "subscriptions_url": "https://api.github.com/users/danielharan/subscriptions",
        "type": "User",
        "url": "https://api.github.com/users/danielharan",
      }
    }
  />
  <Card
    handleClick={[Function]}
    key="127"
    user={
      Object {
        "avatar_url": "https://avatars3.githubusercontent.com/u/127?v=4",
        "events_url": "https://api.github.com/users/kvnsmth/events{/privacy}",
        "followers_url": "https://api.github.com/users/kvnsmth/followers",
        "following_url": "https://api.github.com/users/kvnsmth/following{/other_user}",
        "gists_url": "https://api.github.com/users/kvnsmth/gists{/gist_id}",
        "gravatar_id": "",
        "html_url": "https://github.com/kvnsmth",
        "id": 127,
        "login": "kvnsmth",
        "node_id": "MDQ6VXNlcjEyNw==",
        "organizations_url": "https://api.github.com/users/kvnsmth/orgs",
        "received_events_url": "https://api.github.com/users/kvnsmth/received_events",
        "repos_url": "https://api.github.com/users/kvnsmth/repos",
        "site_admin": false,
        "starred_url": "https://api.github.com/users/kvnsmth/starred{/owner}{/repo}",
        "subscriptions_url": "https://api.github.com/users/kvnsmth/subscriptions",
        "type": "User",
        "url": "https://api.github.com/users/kvnsmth",
      }
    }
  />
  <Card
    handleClick={[Function]}
    key="128"
    user={
      Object {
        "avatar_url": "https://avatars2.githubusercontent.com/u/128?v=4",
        "events_url": "https://api.github.com/users/collectiveidea/events{/privacy}",
        "followers_url": "https://api.github.com/users/collectiveidea/followers",
        "following_url": "https://api.github.com/users/collectiveidea/following{/other_user}",
        "gists_url": "https://api.github.com/users/collectiveidea/gists{/gist_id}",
        "gravatar_id": "",
        "html_url": "https://github.com/collectiveidea",
        "id": 128,
        "login": "collectiveidea",
        "node_id": "MDEyOk9yZ2FuaXphdGlvbjEyOA==",
        "organizations_url": "https://api.github.com/users/collectiveidea/orgs",
        "received_events_url": "https://api.github.com/users/collectiveidea/received_events",
        "repos_url": "https://api.github.com/users/collectiveidea/repos",
        "site_admin": false,
        "starred_url": "https://api.github.com/users/collectiveidea/starred{/owner}{/repo}",
        "subscriptions_url": "https://api.github.com/users/collectiveidea/subscriptions",
        "type": "Organization",
        "url": "https://api.github.com/users/collectiveidea",
      }
    }
  />
  <Card
    handleClick={[Function]}
    key="129"
    user={
      Object {
        "avatar_url": "https://avatars2.githubusercontent.com/u/129?v=4",
        "events_url": "https://api.github.com/users/canadaduane/events{/privacy}",
        "followers_url": "https://api.github.com/users/canadaduane/followers",
        "following_url": "https://api.github.com/users/canadaduane/following{/other_user}",
        "gists_url": "https://api.github.com/users/canadaduane/gists{/gist_id}",
        "gravatar_id": "",
        "html_url": "https://github.com/canadaduane",
        "id": 129,
        "login": "canadaduane",
        "node_id": "MDQ6VXNlcjEyOQ==",
        "organizations_url": "https://api.github.com/users/canadaduane/orgs",
        "received_events_url": "https://api.github.com/users/canadaduane/received_events",
        "repos_url": "https://api.github.com/users/canadaduane/repos",
        "site_admin": false,
        "starred_url": "https://api.github.com/users/canadaduane/starred{/owner}{/repo}",
        "subscriptions_url": "https://api.github.com/users/canadaduane/subscriptions",
        "type": "User",
        "url": "https://api.github.com/users/canadaduane",
      }
    }
  />
  <Card
    handleClick={[Function]}
    key="130"
    user={
      Object {
        "avatar_url": "https://avatars2.githubusercontent.com/u/130?v=4",
        "events_url": "https://api.github.com/users/nate/events{/privacy}",
        "followers_url": "https://api.github.com/users/nate/followers",
        "following_url": "https://api.github.com/users/nate/following{/other_user}",
        "gists_url": "https://api.github.com/users/nate/gists{/gist_id}",
        "gravatar_id": "",
        "html_url": "https://github.com/nate",
        "id": 130,
        "login": "nate",
        "node_id": "MDQ6VXNlcjEzMA==",
        "organizations_url": "https://api.github.com/users/nate/orgs",
        "received_events_url": "https://api.github.com/users/nate/received_events",
        "repos_url": "https://api.github.com/users/nate/repos",
        "site_admin": false,
        "starred_url": "https://api.github.com/users/nate/starred{/owner}{/repo}",
        "subscriptions_url": "https://api.github.com/users/nate/subscriptions",
        "type": "User",
        "url": "https://api.github.com/users/nate",
      }
    }
  />
</styled.div>
`;
