// Jest Snapshot v1, https://goo.gl/fbAQLP

exports[`Card should render without crashing 1`] = `
<styled.div
  className="user_card"
>
  <styled.h3
    className="user_title"
  >
    jvantuyl
  </styled.h3>
  <styled.div
    className="user_description"
  >
    <img
      alt="avatar"
      src="https://avatars0.githubusercontent.com/u/101?v=4"
      style={
        Object {
          "borderRadius": "15px",
          "height": "150px",
          "width": "150px",
        }
      }
    />
  </styled.div>
</styled.div>
`;
